[ ElementNode
 ( Element
  { elementTagPos = SrcSpan
   { srcSpanName = ""
   , srcSpanStart = SrcPos
    { srcOffset = 0
    , srcLine = 1
    , srcCol = 1
    }
   , srcSpanEnd = SrcPos
    { srcOffset = 7
    , srcLine = 1
    , srcCol = 8
    }
   }
  , elementArgPresentation = PresentLevel
  , elementName = "level"
  , elementAttrs = []
  , elementArg =
   [ LineEnd
   , LineEnd
   , PlainText "content"
   , LineEnd
   ]
  }
 )
]