fromList
 [ ElementNode
  ( Element
   { elementTagPos = SrcSpan
    { srcSpanName = ""
    , srcSpanStart = SrcPos
     { srcOffset = 0
     , srcLine = 1
     , srcCol = 1
     }
    , srcSpanEnd = SrcPos
     { srcOffset = 6
     , srcLine = 1
     , srcCol = 7
     }
    }
   , elementArgPresentation = PresentLevel
   , elementName = "lvl1"
   , elementAttrs = fromList []
   , elementArg = fromList
    [ ElementNode
     ( Element
      { elementTagPos = SrcSpan
       { srcSpanName = ""
       , srcSpanStart = SrcPos
        { srcOffset = 8
        , srcLine = 3
        , srcCol = 1
        }
       , srcSpanEnd = SrcPos
        { srcOffset = 16
        , srcLine = 3
        , srcCol = 9
        }
       }
      , elementArgPresentation = PresentLevel
      , elementName = "lvl2"
      , elementAttrs = fromList []
      , elementArg = fromList []
      }
     )
    , ElementNode
     ( Element
      { elementTagPos = SrcSpan
       { srcSpanName = ""
       , srcSpanStart = SrcPos
        { srcOffset = 18
        , srcLine = 5
        , srcCol = 1
        }
       , srcSpanEnd = SrcPos
        { srcOffset = 25
        , srcLine = 5
        , srcCol = 8
        }
       }
      , elementArgPresentation = PresentLevel
      , elementName = "lvl3"
      , elementAttrs = fromList []
      , elementArg = fromList []
      }
     )
    ]
   }
  )
 , LineEnd
 ]