fromList
 [ ElementNode
  ( Element
   { elementTagPos = SrcSpan
    { srcSpanName = ""
    , srcSpanStart = SrcPos
     { srcOffset = 0
     , srcLine = 1
     , srcCol = 1
     }
    , srcSpanEnd = SrcPos
     { srcOffset = 7
     , srcLine = 1
     , srcCol = 8
     }
    }
   , elementName = "level"
   , elementAttrs = NoAttrs
   , elementScopeContent = LevelScopeContent
    ( fromList
     [ LineEnd
     , LineEnd
     , PlainText "content"
     ]
    )
   }
  )
 , LineEnd
 ]