fromList
 [ ElementNode
  ( Element
   { elementTagPos = SrcSpan
    { srcSpanName = ""
    , srcSpanStart = SrcPos
     { srcOffset = 0
     , srcLine = 1
     , srcCol = 1
     }
    , srcSpanEnd = SrcPos
     { srcOffset = 10
     , srcLine = 1
     , srcCol = 11
     }
    }
   , elementName = "inlineelt"
   , elementAttrs = NoAttrs
   , elementScopeContent = InlineScopeContent
   }
  )
 , LineEnd
 , ElementNode
  ( Element
   { elementTagPos = SrcSpan
    { srcSpanName = ""
    , srcSpanStart = SrcPos
     { srcOffset = 11
     , srcLine = 2
     , srcCol = 1
     }
    , srcSpanEnd = SrcPos
     { srcOffset = 21
     , srcLine = 2
     , srcCol = 11
     }
    }
   , elementName = "inlineelt"
   , elementAttrs = Attrs
    ( fromList [] )
   , elementScopeContent = InlineScopeContent
   }
  )
 , LineEnd
 , ElementNode
  ( Element
   { elementTagPos = SrcSpan
    { srcSpanName = ""
    , srcSpanStart = SrcPos
     { srcOffset = 24
     , srcLine = 3
     , srcCol = 1
     }
    , srcSpanEnd = SrcPos
     { srcOffset = 34
     , srcLine = 3
     , srcCol = 11
     }
    }
   , elementName = "inlineelt"
   , elementAttrs = NoAttrs
   , elementScopeContent = InlineScopeContent
   }
  )
 , GroupNode
  ( Group
   { groupStart = SrcSpan
    { srcSpanName = ""
    , srcSpanStart = SrcPos
     { srcOffset = 34
     , srcLine = 3
     , srcCol = 11
     }
    , srcSpanEnd = SrcPos
     { srcOffset = 35
     , srcLine = 3
     , srcCol = 12
     }
    }
   , groupEnd = SrcSpan
    { srcSpanName = ""
    , srcSpanStart = SrcPos
     { srcOffset = 35
     , srcLine = 3
     , srcCol = 12
     }
    , srcSpanEnd = SrcPos
     { srcOffset = 36
     , srcLine = 3
     , srcCol = 13
     }
    }
   , groupContent = fromList []
   }
  )
 , LineEnd
 , ElementNode
  ( Element
   { elementTagPos = SrcSpan
    { srcSpanName = ""
    , srcSpanStart = SrcPos
     { srcOffset = 37
     , srcLine = 4
     , srcCol = 1
     }
    , srcSpanEnd = SrcPos
     { srcOffset = 47
     , srcLine = 4
     , srcCol = 11
     }
    }
   , elementName = "inlineelt"
   , elementAttrs = Attrs
    ( fromList [] )
   , elementScopeContent = InlineScopeContent
   }
  )
 , GroupNode
  ( Group
   { groupStart = SrcSpan
    { srcSpanName = ""
    , srcSpanStart = SrcPos
     { srcOffset = 49
     , srcLine = 4
     , srcCol = 13
     }
    , srcSpanEnd = SrcPos
     { srcOffset = 50
     , srcLine = 4
     , srcCol = 14
     }
    }
   , groupEnd = SrcSpan
    { srcSpanName = ""
    , srcSpanStart = SrcPos
     { srcOffset = 50
     , srcLine = 4
     , srcCol = 14
     }
    , srcSpanEnd = SrcPos
     { srcOffset = 51
     , srcLine = 4
     , srcCol = 15
     }
    }
   , groupContent = fromList []
   }
  )
 , LineEnd
 ]