(0,1,1)(2,1,3) EscapeSeq EscapeBackslash
(2,1,3)(3,2,1) Blanks "\n"
(3,2,1)(4,2,2) StartBraceGroup
(4,2,2)(5,2,3) EndBraceGroup
(5,2,3)(6,3,1) Blanks "\n"
(6,3,1)(8,3,3) EscapeSeq EscapeOpenBrace
(8,3,3)(10,3,5) EscapeSeq EscapeCloseBrace
(10,3,5)(11,4,1) Blanks "\n"
(11,4,1)(21,4,11) LineComment "comment"
(21,4,11)(22,5,1) Blanks "\n"
(22,5,1)(29,5,8) InlineTag "inline"
(29,5,8)(30,6,1) Blanks "\n"
