(0,1,1)(2,1,3) TokenEscape EscapeBackslash
(2,1,3)(3,2,1) Indent "\n"
(3,2,1)(5,2,3) TokenEscape EscapeOpenBrace
(5,2,3)(7,2,5) TokenEscape EscapeCloseBrace
(7,2,5)(8,3,1) Indent "\n"
(8,3,1)(10,3,3) TokenEscape EscapeOpenBracket
(10,3,3)(12,3,5) TokenEscape EscapeCloseBracket
(12,3,5)(13,4,1) Indent "\n"
(13,4,1)(15,4,3) PlainText "[]"
(15,4,3)(16,5,1) Indent "\n"
(16,5,1)(17,5,2) PlainText "="
(17,5,2)(18,6,1) Indent "\n"
(18,6,1)(19,6,2) StartBraceGroup
(19,6,2)(20,6,3) EndBraceGroup
(20,6,3)(21,7,1) Indent "\n"
(21,7,1)(31,7,11) LineComment "comment"
(31,7,11)(32,8,1) Indent "\n"
(32,8,1)(39,8,8) InlineTag "inline"
(39,8,8)(40,9,1) Indent "\n"
(40,9,1)(48,9,9) LayoutTag "layout"
(48,9,9)(48,9,9) EndImplicitScope
(48,9,9)(49,10,1) Indent "\n"
(49,10,1)(57,10,9) LevelTag 1 "level1"
(57,10,9)(58,11,1) Indent "\n"
(58,11,1)(67,11,10) LevelTag 2 "level2"
(67,11,10)(67,11,10) EndImplicitScope
(67,11,10)(67,11,10) EndImplicitScope
(67,11,10)(68,12,1) Indent "\n"
